{"level":"info","message":"| Auth | - Token valid for userId: 1, at 2025-07-23T05:57:53.825Z","timestamp":"2025-07-23T05:57:53.825Z"}
{"level":"info","message":"| GetUserInfo | - User info fetched for userId: 1, at 2025-07-23T05:57:53.827Z","timestamp":"2025-07-23T05:57:53.827Z"}
{"level":"info","message":"| Auth | - Token valid for userId: 1, at 2025-07-23T05:57:54.147Z","timestamp":"2025-07-23T05:57:54.147Z"}
{"level":"info","message":"| Auth | - Token valid for userId: 1, at 2025-07-23T06:36:15.670Z","timestamp":"2025-07-23T06:36:15.670Z"}
{"level":"info","message":"| GetUserInfo | - User info fetched for userId: 1, at 2025-07-23T06:36:15.674Z","timestamp":"2025-07-23T06:36:15.674Z"}
{"level":"info","message":"| Auth | - Token valid for userId: 1, at 2025-07-23T06:36:16.016Z","timestamp":"2025-07-23T06:36:16.016Z"}
{"level":"info","message":"| Auth | - Token valid for userId: 1, at 2025-07-23T06:36:26.311Z","timestamp":"2025-07-23T06:36:26.311Z"}
{"level":"info","message":"| uploadDocuments | - Success: w0LZaDsrHHx8quBBeTp0sdbqR.jpg","timestamp":"2025-07-23T06:36:26.355Z"}
{"level":"info","message":"| Auth | - Token valid for userId: 1, at 2025-07-23T06:36:26.498Z","timestamp":"2025-07-23T06:36:26.498Z"}
{"level":"info","message":"| Auth | - Token valid for userId: 1, at 2025-07-23T06:36:42.453Z","timestamp":"2025-07-23T06:36:42.453Z"}
{"level":"info","message":"| uploadDocuments | - Success: 4idjM4QaWXNT2ly9wo7gsY8yS.zip","timestamp":"2025-07-23T06:36:42.498Z"}
{"level":"info","message":"| extractZipShapefile | - Path ZIP masuk: D:\\Sendi\\__EXIUM_PROJECT__\\monolitik\\GIS\\bpn-gis\\BE\\src\\public\\storage\\documents\\4idjM4QaWXNT2ly9wo7gsY8yS.zip","timestamp":"2025-07-23T06:36:42.505Z"}
{"level":"info","message":"| extractZipShapefile | - Apakah ZIP ada di disk? true","timestamp":"2025-07-23T06:36:42.507Z"}
{"level":"info","message":"| extractZipShapefile | - Folder tujuan ekstrak: D:\\Sendi\\__EXIUM_PROJECT__\\monolitik\\GIS\\bpn-gis\\BE\\src\\public\\storage\\temp\\shapefiles\\b293cba9-de0c-4232-b87f-d17285aa05b1","timestamp":"2025-07-23T06:36:42.508Z"}
{"level":"info","message":"| extractZipShapefile | - Folder baru dibuat.","timestamp":"2025-07-23T06:36:42.509Z"}
{"level":"info","message":"| extractZipShapefile | - Isi ZIP (entries): [\"Update_Data_PTPNI.cpg\",\"__MACOSX/._Update_Data_PTPNI.cpg\",\"Update_Data_PTPNI.dbf\",\"__MACOSX/._Update_Data_PTPNI.dbf\",\"Update_Data_PTPNI.prj\",\"__MACOSX/._Update_Data_PTPNI.prj\",\"Update_Data_PTPNI.shp\",\"__MACOSX/._Update_Data_PTPNI.shp\",\"Update_Data_PTPNI.shp.xml\",\"__MACOSX/._Update_Data_PTPNI.shp.xml\",\"Update_Data_PTPNI.shx\"]","timestamp":"2025-07-23T06:36:42.518Z"}
{"level":"info","message":"| extractZipShapefile | - ZIP berhasil diekstrak.","timestamp":"2025-07-23T06:36:42.554Z"}
{"level":"info","message":"| getAllFilesRecursively | - Menemukan file: D:\\Sendi\\__EXIUM_PROJECT__\\monolitik\\GIS\\bpn-gis\\BE\\src\\public\\storage\\temp\\shapefiles\\b293cba9-de0c-4232-b87f-d17285aa05b1\\Update_Data_PTPNI.cpg","timestamp":"2025-07-23T06:36:42.556Z"}
{"level":"info","message":"| getAllFilesRecursively | - Menemukan file: D:\\Sendi\\__EXIUM_PROJECT__\\monolitik\\GIS\\bpn-gis\\BE\\src\\public\\storage\\temp\\shapefiles\\b293cba9-de0c-4232-b87f-d17285aa05b1\\Update_Data_PTPNI.dbf","timestamp":"2025-07-23T06:36:42.556Z"}
{"level":"info","message":"| getAllFilesRecursively | - Menemukan file: D:\\Sendi\\__EXIUM_PROJECT__\\monolitik\\GIS\\bpn-gis\\BE\\src\\public\\storage\\temp\\shapefiles\\b293cba9-de0c-4232-b87f-d17285aa05b1\\Update_Data_PTPNI.prj","timestamp":"2025-07-23T06:36:42.557Z"}
{"level":"info","message":"| getAllFilesRecursively | - Menemukan file: D:\\Sendi\\__EXIUM_PROJECT__\\monolitik\\GIS\\bpn-gis\\BE\\src\\public\\storage\\temp\\shapefiles\\b293cba9-de0c-4232-b87f-d17285aa05b1\\Update_Data_PTPNI.shp","timestamp":"2025-07-23T06:36:42.557Z"}
{"level":"info","message":"| getAllFilesRecursively | - Menemukan file: D:\\Sendi\\__EXIUM_PROJECT__\\monolitik\\GIS\\bpn-gis\\BE\\src\\public\\storage\\temp\\shapefiles\\b293cba9-de0c-4232-b87f-d17285aa05b1\\Update_Data_PTPNI.shp.xml","timestamp":"2025-07-23T06:36:42.557Z"}
{"level":"info","message":"| getAllFilesRecursively | - Menemukan file: D:\\Sendi\\__EXIUM_PROJECT__\\monolitik\\GIS\\bpn-gis\\BE\\src\\public\\storage\\temp\\shapefiles\\b293cba9-de0c-4232-b87f-d17285aa05b1\\Update_Data_PTPNI.shx","timestamp":"2025-07-23T06:36:42.558Z"}
{"level":"info","message":"| getAllFilesRecursively | - Menelusuri folder: D:\\Sendi\\__EXIUM_PROJECT__\\monolitik\\GIS\\bpn-gis\\BE\\src\\public\\storage\\temp\\shapefiles\\b293cba9-de0c-4232-b87f-d17285aa05b1\\__MACOSX","timestamp":"2025-07-23T06:36:42.558Z"}
{"level":"info","message":"| getAllFilesRecursively | - Menemukan file: D:\\Sendi\\__EXIUM_PROJECT__\\monolitik\\GIS\\bpn-gis\\BE\\src\\public\\storage\\temp\\shapefiles\\b293cba9-de0c-4232-b87f-d17285aa05b1\\__MACOSX\\._Update_Data_PTPNI.cpg","timestamp":"2025-07-23T06:36:42.558Z"}
{"level":"info","message":"| getAllFilesRecursively | - Menemukan file: D:\\Sendi\\__EXIUM_PROJECT__\\monolitik\\GIS\\bpn-gis\\BE\\src\\public\\storage\\temp\\shapefiles\\b293cba9-de0c-4232-b87f-d17285aa05b1\\__MACOSX\\._Update_Data_PTPNI.dbf","timestamp":"2025-07-23T06:36:42.558Z"}
{"level":"info","message":"| getAllFilesRecursively | - Menemukan file: D:\\Sendi\\__EXIUM_PROJECT__\\monolitik\\GIS\\bpn-gis\\BE\\src\\public\\storage\\temp\\shapefiles\\b293cba9-de0c-4232-b87f-d17285aa05b1\\__MACOSX\\._Update_Data_PTPNI.prj","timestamp":"2025-07-23T06:36:42.558Z"}
{"level":"info","message":"| getAllFilesRecursively | - Menemukan file: D:\\Sendi\\__EXIUM_PROJECT__\\monolitik\\GIS\\bpn-gis\\BE\\src\\public\\storage\\temp\\shapefiles\\b293cba9-de0c-4232-b87f-d17285aa05b1\\__MACOSX\\._Update_Data_PTPNI.shp","timestamp":"2025-07-23T06:36:42.558Z"}
{"level":"info","message":"| getAllFilesRecursively | - Menemukan file: D:\\Sendi\\__EXIUM_PROJECT__\\monolitik\\GIS\\bpn-gis\\BE\\src\\public\\storage\\temp\\shapefiles\\b293cba9-de0c-4232-b87f-d17285aa05b1\\__MACOSX\\._Update_Data_PTPNI.shp.xml","timestamp":"2025-07-23T06:36:42.559Z"}
{"level":"info","message":"| extractZipShapefile | - Jumlah file hasil ekstrak: 11","timestamp":"2025-07-23T06:36:42.559Z"}
{"level":"info","message":"| extractZipShapefile | - Daftar file: [\n  \"D:\\\\Sendi\\\\__EXIUM_PROJECT__\\\\monolitik\\\\GIS\\\\bpn-gis\\\\BE\\\\src\\\\public\\\\storage\\\\temp\\\\shapefiles\\\\b293cba9-de0c-4232-b87f-d17285aa05b1\\\\Update_Data_PTPNI.cpg\",\n  \"D:\\\\Sendi\\\\__EXIUM_PROJECT__\\\\monolitik\\\\GIS\\\\bpn-gis\\\\BE\\\\src\\\\public\\\\storage\\\\temp\\\\shapefiles\\\\b293cba9-de0c-4232-b87f-d17285aa05b1\\\\Update_Data_PTPNI.dbf\",\n  \"D:\\\\Sendi\\\\__EXIUM_PROJECT__\\\\monolitik\\\\GIS\\\\bpn-gis\\\\BE\\\\src\\\\public\\\\storage\\\\temp\\\\shapefiles\\\\b293cba9-de0c-4232-b87f-d17285aa05b1\\\\Update_Data_PTPNI.prj\",\n  \"D:\\\\Sendi\\\\__EXIUM_PROJECT__\\\\monolitik\\\\GIS\\\\bpn-gis\\\\BE\\\\src\\\\public\\\\storage\\\\temp\\\\shapefiles\\\\b293cba9-de0c-4232-b87f-d17285aa05b1\\\\Update_Data_PTPNI.shp\",\n  \"D:\\\\Sendi\\\\__EXIUM_PROJECT__\\\\monolitik\\\\GIS\\\\bpn-gis\\\\BE\\\\src\\\\public\\\\storage\\\\temp\\\\shapefiles\\\\b293cba9-de0c-4232-b87f-d17285aa05b1\\\\Update_Data_PTPNI.shp.xml\",\n  \"D:\\\\Sendi\\\\__EXIUM_PROJECT__\\\\monolitik\\\\GIS\\\\bpn-gis\\\\BE\\\\src\\\\public\\\\storage\\\\temp\\\\shapefiles\\\\b293cba9-de0c-4232-b87f-d17285aa05b1\\\\Update_Data_PTPNI.shx\",\n  \"D:\\\\Sendi\\\\__EXIUM_PROJECT__\\\\monolitik\\\\GIS\\\\bpn-gis\\\\BE\\\\src\\\\public\\\\storage\\\\temp\\\\shapefiles\\\\b293cba9-de0c-4232-b87f-d17285aa05b1\\\\__MACOSX\\\\._Update_Data_PTPNI.cpg\",\n  \"D:\\\\Sendi\\\\__EXIUM_PROJECT__\\\\monolitik\\\\GIS\\\\bpn-gis\\\\BE\\\\src\\\\public\\\\storage\\\\temp\\\\shapefiles\\\\b293cba9-de0c-4232-b87f-d17285aa05b1\\\\__MACOSX\\\\._Update_Data_PTPNI.dbf\",\n  \"D:\\\\Sendi\\\\__EXIUM_PROJECT__\\\\monolitik\\\\GIS\\\\bpn-gis\\\\BE\\\\src\\\\public\\\\storage\\\\temp\\\\shapefiles\\\\b293cba9-de0c-4232-b87f-d17285aa05b1\\\\__MACOSX\\\\._Update_Data_PTPNI.prj\",\n  \"D:\\\\Sendi\\\\__EXIUM_PROJECT__\\\\monolitik\\\\GIS\\\\bpn-gis\\\\BE\\\\src\\\\public\\\\storage\\\\temp\\\\shapefiles\\\\b293cba9-de0c-4232-b87f-d17285aa05b1\\\\__MACOSX\\\\._Update_Data_PTPNI.shp\",\n  \"D:\\\\Sendi\\\\__EXIUM_PROJECT__\\\\monolitik\\\\GIS\\\\bpn-gis\\\\BE\\\\src\\\\public\\\\storage\\\\temp\\\\shapefiles\\\\b293cba9-de0c-4232-b87f-d17285aa05b1\\\\__MACOSX\\\\._Update_Data_PTPNI.shp.xml\"\n]","timestamp":"2025-07-23T06:36:42.559Z"}
{"level":"info","message":"| convertShapefile | Eksekusi perintah: \"C:\\Program Files\\QGIS 3.44.0\\bin\\ogr2ogr.exe\" -f \"PostgreSQL\" PG:\"host=localhost user=postgres dbname=gis_bpn password=super.admin port=5433\" \"D:\\Sendi\\__EXIUM_PROJECT__\\monolitik\\GIS\\bpn-gis\\BE\\src\\public\\storage\\temp\\shapefiles\\b293cba9-de0c-4232-b87f-d17285aa05b1\\Update_Data_PTPNI.shp\" -nln public.shp_workspace_1_layer_1 -nlt MULTIPOLYGON -lco GEOMETRY_NAME=geom -lco FID=id -overwrite -t_srs EPSG:4326","timestamp":"2025-07-23T06:36:42.562Z"}
{"level":"info","message":"| Auth | - Token valid for userId: 1, at 2025-07-23T06:38:06.290Z","timestamp":"2025-07-23T06:38:06.290Z"}
{"level":"info","message":"| Get WMS Image | - Success to get WMS image.","timestamp":"2025-07-23T06:38:06.292Z"}
{"level":"info","message":"| Auth | - Token valid for userId: 1, at 2025-07-23T06:39:40.202Z","timestamp":"2025-07-23T06:39:40.202Z"}
{"level":"info","message":"| Auth | - Token valid for userId: 1, at 2025-07-23T06:39:40.433Z","timestamp":"2025-07-23T06:39:40.433Z"}
{"level":"info","message":"| Auth | - Token valid for userId: 1, at 2025-07-23T06:50:06.965Z","timestamp":"2025-07-23T06:50:06.965Z"}
{"level":"info","message":"| uploadDocuments | - Success: 1DpZL5jvcAY5uJIqLp5g1uOHN.jpg","timestamp":"2025-07-23T06:50:06.974Z"}
{"level":"info","message":"| Auth | - Token valid for userId: 1, at 2025-07-23T06:50:07.101Z","timestamp":"2025-07-23T06:50:07.103Z"}
{"level":"info","message":"| Auth | - Token valid for userId: 1, at 2025-07-23T06:50:59.810Z","timestamp":"2025-07-23T06:50:59.810Z"}
{"level":"info","message":"| uploadDocuments | - Success: 72Vp7sYsvtnBrGogVBPXpggFy.zip","timestamp":"2025-07-23T06:50:59.823Z"}
{"level":"info","message":"| extractZipShapefile | - Path ZIP masuk: D:\\Sendi\\__EXIUM_PROJECT__\\monolitik\\GIS\\bpn-gis\\BE\\src\\public\\storage\\documents\\72Vp7sYsvtnBrGogVBPXpggFy.zip","timestamp":"2025-07-23T06:50:59.829Z"}
{"level":"info","message":"| extractZipShapefile | - Apakah ZIP ada di disk? true","timestamp":"2025-07-23T06:50:59.830Z"}
{"level":"info","message":"| extractZipShapefile | - Folder tujuan ekstrak: D:\\Sendi\\__EXIUM_PROJECT__\\monolitik\\GIS\\bpn-gis\\BE\\src\\public\\storage\\temp\\shapefiles\\ba2147b7-fdac-4c15-bf68-8694dca95052","timestamp":"2025-07-23T06:50:59.830Z"}
{"level":"info","message":"| extractZipShapefile | - Folder baru dibuat.","timestamp":"2025-07-23T06:50:59.831Z"}
{"level":"info","message":"| extractZipShapefile | - Isi ZIP (entries): [\"Update_Data_PTPNI.cpg\",\"__MACOSX/._Update_Data_PTPNI.cpg\",\"Update_Data_PTPNI.dbf\",\"__MACOSX/._Update_Data_PTPNI.dbf\",\"Update_Data_PTPNI.prj\",\"__MACOSX/._Update_Data_PTPNI.prj\",\"Update_Data_PTPNI.shp\",\"__MACOSX/._Update_Data_PTPNI.shp\",\"Update_Data_PTPNI.shp.xml\",\"__MACOSX/._Update_Data_PTPNI.shp.xml\",\"Update_Data_PTPNI.shx\"]","timestamp":"2025-07-23T06:50:59.834Z"}
{"level":"info","message":"| extractZipShapefile | - ZIP berhasil diekstrak.","timestamp":"2025-07-23T06:50:59.864Z"}
{"level":"info","message":"| getAllFilesRecursively | - Menemukan file: D:\\Sendi\\__EXIUM_PROJECT__\\monolitik\\GIS\\bpn-gis\\BE\\src\\public\\storage\\temp\\shapefiles\\ba2147b7-fdac-4c15-bf68-8694dca95052\\Update_Data_PTPNI.cpg","timestamp":"2025-07-23T06:50:59.865Z"}
{"level":"info","message":"| getAllFilesRecursively | - Menemukan file: D:\\Sendi\\__EXIUM_PROJECT__\\monolitik\\GIS\\bpn-gis\\BE\\src\\public\\storage\\temp\\shapefiles\\ba2147b7-fdac-4c15-bf68-8694dca95052\\Update_Data_PTPNI.dbf","timestamp":"2025-07-23T06:50:59.866Z"}
{"level":"info","message":"| getAllFilesRecursively | - Menemukan file: D:\\Sendi\\__EXIUM_PROJECT__\\monolitik\\GIS\\bpn-gis\\BE\\src\\public\\storage\\temp\\shapefiles\\ba2147b7-fdac-4c15-bf68-8694dca95052\\Update_Data_PTPNI.prj","timestamp":"2025-07-23T06:50:59.866Z"}
{"level":"info","message":"| getAllFilesRecursively | - Menemukan file: D:\\Sendi\\__EXIUM_PROJECT__\\monolitik\\GIS\\bpn-gis\\BE\\src\\public\\storage\\temp\\shapefiles\\ba2147b7-fdac-4c15-bf68-8694dca95052\\Update_Data_PTPNI.shp","timestamp":"2025-07-23T06:50:59.866Z"}
{"level":"info","message":"| getAllFilesRecursively | - Menemukan file: D:\\Sendi\\__EXIUM_PROJECT__\\monolitik\\GIS\\bpn-gis\\BE\\src\\public\\storage\\temp\\shapefiles\\ba2147b7-fdac-4c15-bf68-8694dca95052\\Update_Data_PTPNI.shp.xml","timestamp":"2025-07-23T06:50:59.866Z"}
{"level":"info","message":"| getAllFilesRecursively | - Menemukan file: D:\\Sendi\\__EXIUM_PROJECT__\\monolitik\\GIS\\bpn-gis\\BE\\src\\public\\storage\\temp\\shapefiles\\ba2147b7-fdac-4c15-bf68-8694dca95052\\Update_Data_PTPNI.shx","timestamp":"2025-07-23T06:50:59.866Z"}
{"level":"info","message":"| getAllFilesRecursively | - Menelusuri folder: D:\\Sendi\\__EXIUM_PROJECT__\\monolitik\\GIS\\bpn-gis\\BE\\src\\public\\storage\\temp\\shapefiles\\ba2147b7-fdac-4c15-bf68-8694dca95052\\__MACOSX","timestamp":"2025-07-23T06:50:59.867Z"}
{"level":"info","message":"| getAllFilesRecursively | - Menemukan file: D:\\Sendi\\__EXIUM_PROJECT__\\monolitik\\GIS\\bpn-gis\\BE\\src\\public\\storage\\temp\\shapefiles\\ba2147b7-fdac-4c15-bf68-8694dca95052\\__MACOSX\\._Update_Data_PTPNI.cpg","timestamp":"2025-07-23T06:50:59.867Z"}
{"level":"info","message":"| getAllFilesRecursively | - Menemukan file: D:\\Sendi\\__EXIUM_PROJECT__\\monolitik\\GIS\\bpn-gis\\BE\\src\\public\\storage\\temp\\shapefiles\\ba2147b7-fdac-4c15-bf68-8694dca95052\\__MACOSX\\._Update_Data_PTPNI.dbf","timestamp":"2025-07-23T06:50:59.867Z"}
{"level":"info","message":"| getAllFilesRecursively | - Menemukan file: D:\\Sendi\\__EXIUM_PROJECT__\\monolitik\\GIS\\bpn-gis\\BE\\src\\public\\storage\\temp\\shapefiles\\ba2147b7-fdac-4c15-bf68-8694dca95052\\__MACOSX\\._Update_Data_PTPNI.prj","timestamp":"2025-07-23T06:50:59.867Z"}
{"level":"info","message":"| getAllFilesRecursively | - Menemukan file: D:\\Sendi\\__EXIUM_PROJECT__\\monolitik\\GIS\\bpn-gis\\BE\\src\\public\\storage\\temp\\shapefiles\\ba2147b7-fdac-4c15-bf68-8694dca95052\\__MACOSX\\._Update_Data_PTPNI.shp","timestamp":"2025-07-23T06:50:59.867Z"}
{"level":"info","message":"| getAllFilesRecursively | - Menemukan file: D:\\Sendi\\__EXIUM_PROJECT__\\monolitik\\GIS\\bpn-gis\\BE\\src\\public\\storage\\temp\\shapefiles\\ba2147b7-fdac-4c15-bf68-8694dca95052\\__MACOSX\\._Update_Data_PTPNI.shp.xml","timestamp":"2025-07-23T06:50:59.868Z"}
{"level":"info","message":"| extractZipShapefile | - Jumlah file hasil ekstrak: 11","timestamp":"2025-07-23T06:50:59.868Z"}
{"level":"info","message":"| extractZipShapefile | - Daftar file: [\n  \"D:\\\\Sendi\\\\__EXIUM_PROJECT__\\\\monolitik\\\\GIS\\\\bpn-gis\\\\BE\\\\src\\\\public\\\\storage\\\\temp\\\\shapefiles\\\\ba2147b7-fdac-4c15-bf68-8694dca95052\\\\Update_Data_PTPNI.cpg\",\n  \"D:\\\\Sendi\\\\__EXIUM_PROJECT__\\\\monolitik\\\\GIS\\\\bpn-gis\\\\BE\\\\src\\\\public\\\\storage\\\\temp\\\\shapefiles\\\\ba2147b7-fdac-4c15-bf68-8694dca95052\\\\Update_Data_PTPNI.dbf\",\n  \"D:\\\\Sendi\\\\__EXIUM_PROJECT__\\\\monolitik\\\\GIS\\\\bpn-gis\\\\BE\\\\src\\\\public\\\\storage\\\\temp\\\\shapefiles\\\\ba2147b7-fdac-4c15-bf68-8694dca95052\\\\Update_Data_PTPNI.prj\",\n  \"D:\\\\Sendi\\\\__EXIUM_PROJECT__\\\\monolitik\\\\GIS\\\\bpn-gis\\\\BE\\\\src\\\\public\\\\storage\\\\temp\\\\shapefiles\\\\ba2147b7-fdac-4c15-bf68-8694dca95052\\\\Update_Data_PTPNI.shp\",\n  \"D:\\\\Sendi\\\\__EXIUM_PROJECT__\\\\monolitik\\\\GIS\\\\bpn-gis\\\\BE\\\\src\\\\public\\\\storage\\\\temp\\\\shapefiles\\\\ba2147b7-fdac-4c15-bf68-8694dca95052\\\\Update_Data_PTPNI.shp.xml\",\n  \"D:\\\\Sendi\\\\__EXIUM_PROJECT__\\\\monolitik\\\\GIS\\\\bpn-gis\\\\BE\\\\src\\\\public\\\\storage\\\\temp\\\\shapefiles\\\\ba2147b7-fdac-4c15-bf68-8694dca95052\\\\Update_Data_PTPNI.shx\",\n  \"D:\\\\Sendi\\\\__EXIUM_PROJECT__\\\\monolitik\\\\GIS\\\\bpn-gis\\\\BE\\\\src\\\\public\\\\storage\\\\temp\\\\shapefiles\\\\ba2147b7-fdac-4c15-bf68-8694dca95052\\\\__MACOSX\\\\._Update_Data_PTPNI.cpg\",\n  \"D:\\\\Sendi\\\\__EXIUM_PROJECT__\\\\monolitik\\\\GIS\\\\bpn-gis\\\\BE\\\\src\\\\public\\\\storage\\\\temp\\\\shapefiles\\\\ba2147b7-fdac-4c15-bf68-8694dca95052\\\\__MACOSX\\\\._Update_Data_PTPNI.dbf\",\n  \"D:\\\\Sendi\\\\__EXIUM_PROJECT__\\\\monolitik\\\\GIS\\\\bpn-gis\\\\BE\\\\src\\\\public\\\\storage\\\\temp\\\\shapefiles\\\\ba2147b7-fdac-4c15-bf68-8694dca95052\\\\__MACOSX\\\\._Update_Data_PTPNI.prj\",\n  \"D:\\\\Sendi\\\\__EXIUM_PROJECT__\\\\monolitik\\\\GIS\\\\bpn-gis\\\\BE\\\\src\\\\public\\\\storage\\\\temp\\\\shapefiles\\\\ba2147b7-fdac-4c15-bf68-8694dca95052\\\\__MACOSX\\\\._Update_Data_PTPNI.shp\",\n  \"D:\\\\Sendi\\\\__EXIUM_PROJECT__\\\\monolitik\\\\GIS\\\\bpn-gis\\\\BE\\\\src\\\\public\\\\storage\\\\temp\\\\shapefiles\\\\ba2147b7-fdac-4c15-bf68-8694dca95052\\\\__MACOSX\\\\._Update_Data_PTPNI.shp.xml\"\n]","timestamp":"2025-07-23T06:50:59.868Z"}
{"level":"info","message":"| convertShapefile | Eksekusi perintah: \"C:\\Program Files\\QGIS 3.44.0\\bin\\ogr2ogr.exe\" -f \"PostgreSQL\" PG:\"host=localhost user=postgres dbname=gis_bpn password=super.admin port=5433\" \"D:\\Sendi\\__EXIUM_PROJECT__\\monolitik\\GIS\\bpn-gis\\BE\\src\\public\\storage\\temp\\shapefiles\\ba2147b7-fdac-4c15-bf68-8694dca95052\\Update_Data_PTPNI.shp\" -nln public.shp_workspace_2_layer_2 -nlt MULTIPOLYGON -lco GEOMETRY_NAME=geom -lco FID=id -overwrite -t_srs EPSG:4326","timestamp":"2025-07-23T06:50:59.868Z"}
{"level":"info","message":"| Auth | - Token valid for userId: 1, at 2025-07-23T06:53:22.954Z","timestamp":"2025-07-23T06:53:22.954Z"}
{"level":"info","message":"| Logout | - Logout success for userId: 1, at 2025-07-23T06:53:22.957Z","timestamp":"2025-07-23T06:53:22.957Z"}
{"level":"info","message":"| Login | - Login success for email: studio.exium@gmail.com, at 2025-07-23T06:53:37.230Z","timestamp":"2025-07-23T06:53:37.230Z"}
{"level":"info","message":"| Auth | - Token valid for userId: 1, at 2025-07-23T06:53:37.478Z","timestamp":"2025-07-23T06:53:37.478Z"}
{"level":"info","message":"| GetUserInfo | - User info fetched for userId: 1, at 2025-07-23T06:53:37.480Z","timestamp":"2025-07-23T06:53:37.480Z"}
{"level":"info","message":"| Auth | - Token valid for userId: 1, at 2025-07-23T06:53:59.248Z","timestamp":"2025-07-23T06:53:59.248Z"}
{"level":"info","message":"| Auth | - Token valid for userId: 1, at 2025-07-23T06:54:09.968Z","timestamp":"2025-07-23T06:54:09.969Z"}
{"level":"info","message":"| Auth | - Token valid for userId: 1, at 2025-07-23T06:54:10.189Z","timestamp":"2025-07-23T06:54:10.189Z"}
{"level":"info","message":"| Auth | - Token valid for userId: 1, at 2025-07-23T06:54:28.844Z","timestamp":"2025-07-23T06:54:28.844Z"}
{"level":"info","message":"| uploadDocuments | - Success: x6RPH6ZfQGJqqBk4L6AWowYGA.jpg","timestamp":"2025-07-23T06:54:28.851Z"}
{"level":"info","message":"| Auth | - Token valid for userId: 1, at 2025-07-23T06:54:29.008Z","timestamp":"2025-07-23T06:54:29.008Z"}
{"level":"info","message":"| Login | - Login success for email: studio.exium@gmail.com, at 2025-07-23T07:18:50.647Z","timestamp":"2025-07-23T07:18:50.648Z"}
{"level":"info","message":"| Auth | - Token tidak ditemukan di request, at 2025-07-23T07:58:27.647Z","timestamp":"2025-07-23T07:58:27.648Z"}
{"level":"info","message":"| Login | - Login success for email: studio.exium@gmail.com, at 2025-07-23T07:58:32.808Z","timestamp":"2025-07-23T07:58:32.808Z"}
{"level":"info","message":"| Auth | - Token valid for userId: 1, at 2025-07-23T07:59:17.927Z","timestamp":"2025-07-23T07:59:17.927Z"}
{"level":"error","message":"| Update Shapefile | - Error updateShapefileData: update \"shp_workspace_1_layer_1\" set \"propinsi\" = $1, \"kabupaten\" = $2, \"nib\" = $3, \"su\" = $4, \"hak\" = $5, \"tipehak\" = $6, \"luastertul\" = $7, \"luaspeta\" = $8, \"sk\" = $9, \"tanggalsk\" = $10, \"tglterbith\" = $11, \"berakhirha\" = $12, \"pemilik\" = $13, \"tipepemili\" = $14, \"gunatanahk\" = $15, \"gunatanahu\" = $16, \"terpetakan\" = $17, \"keterangan\" = $18, \"dtipehak\" = $19, \"parapihakb\" = $20, \"permasalah\" = $21, \"tindaklanj\" = $22, \"hasil\" = $23, \"penggunaan\" = $24 where \"id\" = $25 - value too long for type character varying(5)","timestamp":"2025-07-23T07:59:17.943Z"}
{"level":"info","message":"| Auth | - Token valid for userId: 1, at 2025-07-23T08:00:30.495Z","timestamp":"2025-07-23T08:00:30.495Z"}
{"level":"error","message":"| Update Shapefile | - Error updateShapefileData: WithDataResource is not defined","timestamp":"2025-07-23T08:00:30.513Z"}
{"level":"info","message":"| Auth | - Token valid for userId: 1, at 2025-07-23T08:01:35.133Z","timestamp":"2025-07-23T08:01:35.134Z"}
{"level":"info","message":"| Auth | - Token valid for userId: 1, at 2025-07-23T08:03:17.180Z","timestamp":"2025-07-23T08:03:17.182Z"}
{"level":"info","message":"| Auth | - Token valid for userId: 1, at 2025-07-23T08:14:18.459Z","timestamp":"2025-07-23T08:14:18.460Z"}
{"level":"info","message":"| Auth | - Token valid for userId: 1, at 2025-07-23T08:23:15.280Z","timestamp":"2025-07-23T08:23:15.281Z"}
{"level":"info","message":"| Auth | - Token valid for userId: 1, at 2025-07-23T09:11:53.049Z","timestamp":"2025-07-23T09:11:53.050Z"}
{"level":"error","message":"| getSingleShapefileFeature | Error: wkx is not defined","timestamp":"2025-07-23T09:11:53.128Z"}
{"level":"info","message":"| Auth | - Token valid for userId: 1, at 2025-07-23T09:13:03.928Z","timestamp":"2025-07-23T09:13:03.930Z"}
{"level":"info","message":"| Auth | - Token valid for userId: 1, at 2025-07-23T09:14:19.707Z","timestamp":"2025-07-23T09:14:19.707Z"}
{"level":"info","message":"| Auth | - Token valid for userId: 1, at 2025-07-23T09:15:00.182Z","timestamp":"2025-07-23T09:15:00.182Z"}
{"level":"info","message":"| Auth | - Token valid for userId: 1, at 2025-07-23T09:15:40.189Z","timestamp":"2025-07-23T09:15:40.189Z"}
{"level":"info","message":"| Auth | - Token valid for userId: 1, at 2025-07-23T09:19:15.119Z","timestamp":"2025-07-23T09:19:15.120Z"}
